[2025-09-04 13:39:39] ERROR: POST /api/auth/super-admin/login - Invalid credentials  {
  "name": "AppError",
  "stack": "AppError: Invalid credentials\n    at new AppError (/Users/hafisyusril/Project/final-project-backend/src/utils/app.error.ts:14:11)\n    at AuthAdminService.<anonymous> (/Users/hafisyusril/Project/final-project-backend/src/modules/auth/auth-admin.service.ts:34:13)\n    at Generator.next (<anonymous>)\n    at fulfilled (/Users/hafisyusril/Project/final-project-backend/src/modules/auth/auth-admin.service.ts:5:58)",
  "path": "/api/auth/super-admin/login",
  "method": "POST",
  "ip": "::1",
  "statusCode": 401
}
[2025-09-04 13:40:10] ERROR: POST /api/auth/super-admin/login - Invalid credentials  {
  "name": "AppError",
  "stack": "AppError: Invalid credentials\n    at new AppError (/Users/hafisyusril/Project/final-project-backend/src/utils/app.error.ts:14:11)\n    at AuthAdminService.<anonymous> (/Users/hafisyusril/Project/final-project-backend/src/modules/auth/auth-admin.service.ts:34:13)\n    at Generator.next (<anonymous>)\n    at fulfilled (/Users/hafisyusril/Project/final-project-backend/src/modules/auth/auth-admin.service.ts:5:58)",
  "path": "/api/auth/super-admin/login",
  "method": "POST",
  "ip": "::1",
  "statusCode": 401
}
[2025-09-04 13:47:40] WARN: 404 Not Found  {
  "method": "POST",
  "path": "/api/create-employee",
  "ip": "::1"
}
[2025-09-04 13:57:08] WARN: 404 Not Found  {
  "method": "GET",
  "path": "/api/admin/amployees",
  "ip": "::1"
}
[2025-09-04 14:06:00] ERROR: GET /api/admin/employees - token must be provided  {
  "name": "AppError",
  "stack": "AppError: token must be provided\n    at new AppError (/Users/hafisyusril/Project/final-project-backend/src/utils/app.error.ts:14:11)\n    at /Users/hafisyusril/Project/final-project-backend/src/middlewares/jwt-verify.middleware.ts:10:25\n    at Generator.next (<anonymous>)\n    at /Users/hafisyusril/Project/final-project-backend/src/middlewares/jwt-verify.middleware.ts:8:71\n    at new Promise (<anonymous>)\n    at __awaiter (/Users/hafisyusril/Project/final-project-backend/src/middlewares/jwt-verify.middleware.ts:4:12)\n    at verifyToken (/Users/hafisyusril/Project/final-project-backend/src/middlewares/jwt-verify.middleware.ts:20:16)\n    at Layer.handleRequest (/Users/hafisyusril/Project/final-project-backend/node_modules/router/lib/layer.js:152:17)\n    at next (/Users/hafisyusril/Project/final-project-backend/node_modules/router/lib/route.js:157:13)\n    at Route.dispatch (/Users/hafisyusril/Project/final-project-backend/node_modules/router/lib/route.js:117:3)",
  "path": "/api/admin/employees",
  "method": "GET",
  "ip": "::1",
  "statusCode": 500
}
[2025-09-04 14:06:18] ERROR: GET /api/admin/employees - invalid signature  {
  "name": "JsonWebTokenError",
  "stack": "JsonWebTokenError: invalid signature\n    at /Users/hafisyusril/Project/final-project-backend/node_modules/jsonwebtoken/verify.js:171:19\n    at getSecret (/Users/hafisyusril/Project/final-project-backend/node_modules/jsonwebtoken/verify.js:97:14)\n    at Object.module.exports [as verify] (/Users/hafisyusril/Project/final-project-backend/node_modules/jsonwebtoken/verify.js:101:10)\n    at /Users/hafisyusril/Project/final-project-backend/src/middlewares/jwt-verify.middleware.ts:11:33\n    at Generator.next (<anonymous>)\n    at /Users/hafisyusril/Project/final-project-backend/src/middlewares/jwt-verify.middleware.ts:8:71\n    at new Promise (<anonymous>)\n    at __awaiter (/Users/hafisyusril/Project/final-project-backend/src/middlewares/jwt-verify.middleware.ts:4:12)\n    at verifyToken (/Users/hafisyusril/Project/final-project-backend/src/middlewares/jwt-verify.middleware.ts:20:16)\n    at Layer.handleRequest (/Users/hafisyusril/Project/final-project-backend/node_modules/router/lib/layer.js:152:17)",
  "path": "/api/admin/employees",
  "method": "GET",
  "ip": "::1",
  "statusCode": 401
}
[2025-09-04 16:30:02] ERROR: PATCH /api/admin/update-employee/00d6552e-6145-4405-bc5a-9b7ea753477c - Failed to update employee: Email already exists  {
  "name": "AppError",
  "stack": "AppError: Failed to update employee: Email already exists\n    at new AppError (/Users/hafisyusril/Project/final-project-backend/src/utils/app.error.ts:14:11)\n    at AdminService.<anonymous> (/Users/hafisyusril/Project/final-project-backend/src/modules/admin/admin.service.ts:98:13)\n    at Generator.next (<anonymous>)\n    at fulfilled (/Users/hafisyusril/Project/final-project-backend/src/modules/admin/admin.service.ts:5:58)",
  "path": "/api/admin/update-employee/00d6552e-6145-4405-bc5a-9b7ea753477c",
  "method": "PATCH",
  "ip": "::1",
  "statusCode": 400
}
[2025-09-04 16:38:09] ERROR: DELETE /api/admin/employees/e724e1e0-fb2e-4eac-8445-c76999041841 - token must be provided  {
  "name": "AppError",
  "stack": "AppError: token must be provided\n    at new AppError (/Users/hafisyusril/Project/final-project-backend/src/utils/app.error.ts:14:11)\n    at /Users/hafisyusril/Project/final-project-backend/src/middlewares/jwt-verify.middleware.ts:10:25\n    at Generator.next (<anonymous>)\n    at /Users/hafisyusril/Project/final-project-backend/src/middlewares/jwt-verify.middleware.ts:8:71\n    at new Promise (<anonymous>)\n    at __awaiter (/Users/hafisyusril/Project/final-project-backend/src/middlewares/jwt-verify.middleware.ts:4:12)\n    at verifyToken (/Users/hafisyusril/Project/final-project-backend/src/middlewares/jwt-verify.middleware.ts:20:16)\n    at Layer.handleRequest (/Users/hafisyusril/Project/final-project-backend/node_modules/router/lib/layer.js:152:17)\n    at next (/Users/hafisyusril/Project/final-project-backend/node_modules/router/lib/route.js:157:13)\n    at Route.dispatch (/Users/hafisyusril/Project/final-project-backend/node_modules/router/lib/route.js:117:3)",
  "path": "/api/admin/employees/e724e1e0-fb2e-4eac-8445-c76999041841",
  "method": "DELETE",
  "ip": "::1",
  "statusCode": 500
}
